// Jest Snapshot v1, https://goo.gl/fbAQLP

exports[`Hero should match with snapshot 1`] = `
<section class="Hero">
  <div class="Hero__inner">
    <div class="Hero__logo">
      <div class="VueToNuxtLogo">
        <div class="Triangle Triangle--two"></div>
        <div class="Triangle Triangle--one"></div>
        <div class="Triangle Triangle--three"></div>
        <div class="Triangle Triangle--four"></div>
      </div>
      <h1>NUXT<span>BRASIL</span></h1>
    </div>
    <p class="Hero__lead">Grupo BR do NuxtJS
      <br>Universal Vue.js Applications</p>
    <div class="Hero__buttons">
      <a href="https://github.com/nuxtjsbrasil" target="_blank" class="Button Button--primary">Github Nuxt Brasil</a>
      <a href="https://nuxtjs.org/" target="_blank" class="Button Button--secondary">Nuxtjs.org (en)</a>
    </div>
  </div>
</section>
`;
